// Jest Snapshot v1, https://goo.gl/fbAQLP

exports[`Loader should match snapshot 1`] = `
<div>
  <div
    class="flex items-center gap-1"
  >
    <svg
      class="animate-spin"
      height="24"
      stroke="black"
      viewBox="0 0 38 38"
      width="24"
      xmlns="http://www.w3.org/2000/svg"
    >
      <g
        fill="none"
        fill-rule="evenodd"
      >
        <g
          stroke-width="2"
          transform="translate(1 1)"
        >
          <circle
            cx="18"
            cy="18"
            r="18"
            stroke-opacity=".5"
          />
          <path
            d="M36 18c0-9.94-8.06-18-18-18"
          />
        </g>
      </g>
    </svg>
  </div>
</div>
`;
